2025-10-15 12:56:08,868 - ERROR - Failed to create backup: [Errno 2] No such file or directory: 'data/msms.json'
2025-10-15 12:56:21,500 - ERROR - Failed to create backup: [Errno 2] No such file or directory: 'data/msms.json'
2025-10-15 12:56:40,091 - ERROR - Failed to create backup: [Errno 2] No such file or directory: 'data/msms.json'
2025-10-15 13:01:54,517 - ERROR - Failed to create backup: [Errno 2] No such file or directory: 'data/msms.json'
2025-10-15 13:03:15,509 - ERROR - Failed to create backup: [Errno 2] No such file or directory: 'data/msms.json'
2025-10-15 13:03:22,134 - ERROR - Failed to create backup: [Errno 2] No such file or directory: 'data/msms.json'
2025-10-15 13:05:30,784 - ERROR - Failed to create backup: [Errno 2] No such file or directory: 'data/msms.json'
2025-10-15 13:05:36,088 - ERROR - Failed to create backup: [Errno 2] No such file or directory: 'data/msms.json'
2025-10-15 13:05:44,128 - ERROR - Failed to create backup: [Errno 2] No such file or directory: 'data/msms.json'
2025-10-15 13:05:46,160 - ERROR - Failed to create backup: [Errno 2] No such file or directory: 'data/msms.json'
2025-10-15 13:05:48,970 - ERROR - Failed to create backup: [Errno 2] No such file or directory: 'data/msms.json'
2025-10-15 13:05:51,322 - ERROR - Failed to create backup: [Errno 2] No such file or directory: 'data/msms.json'
2025-10-15 13:06:17,633 - ERROR - Failed to create backup: [Errno 2] No such file or directory: 'data/msms.json'
2025-10-15 13:06:22,271 - ERROR - Failed to create backup: [Errno 2] No such file or directory: 'data/msms.json'
2025-10-15 13:06:23,485 - ERROR - Failed to create backup: [Errno 2] No such file or directory: 'data/msms.json'
2025-10-15 13:06:26,716 - ERROR - Failed to create backup: [Errno 2] No such file or directory: 'data/msms.json'
2025-10-15 13:16:19,331 - ERROR - Failed to create backup: [Errno 2] No such file or directory: 'data/msms.json'
2025-10-15 13:16:22,793 - ERROR - Failed to create backup: [Errno 2] No such file or directory: 'data/msms.json'
2025-10-15 13:16:22,793 - ERROR - Failed to create backup: [Errno 2] No such file or directory: 'data/msms.json'
2025-10-15 13:16:24,597 - ERROR - Failed to create backup: [Errno 2] No such file or directory: 'data/msms.json'
2025-10-15 13:16:27,372 - ERROR - Failed to create backup: [Errno 2] No such file or directory: 'data/msms.json'
2025-10-15 13:18:39,335 - ERROR - Failed to create backup: [Errno 2] No such file or directory: 'data/msms.json'
2025-10-15 13:18:41,375 - ERROR - Failed to create backup: [Errno 2] No such file or directory: 'data/msms.json'
2025-10-15 13:18:42,798 - ERROR - Failed to create backup: [Errno 2] No such file or directory: 'data/msms.json'
2025-10-15 13:21:11,388 - ERROR - Failed to create backup: [Errno 2] No such file or directory: 'data/msms.json'
2025-10-15 13:21:24,905 - ERROR - Failed to create backup: [Errno 2] No such file or directory: 'data/msms.json'
2025-10-15 13:21:26,234 - ERROR - Failed to create backup: [Errno 2] No such file or directory: 'data/msms.json'
2025-10-15 13:23:44,412 - ERROR - Failed to create backup: [Errno 2] No such file or directory: 'data/msms.json'
2025-10-15 13:23:47,423 - ERROR - Failed to create backup: [Errno 2] No such file or directory: 'data/msms.json'
2025-10-15 13:23:47,423 - ERROR - Failed to create backup: [Errno 2] No such file or directory: 'data/msms.json'
2025-10-15 13:23:48,721 - ERROR - Failed to create backup: [Errno 2] No such file or directory: 'data/msms.json'
2025-10-15 13:25:58,796 - ERROR - Failed to create backup: [Errno 2] No such file or directory: 'data/msms.json'
2025-10-15 13:26:01,465 - ERROR - Failed to create backup: [Errno 2] No such file or directory: 'data/msms.json'
2025-10-15 13:26:02,366 - ERROR - Failed to create backup: [Errno 2] No such file or directory: 'data/msms.json'
2025-10-15 13:26:02,400 - ERROR - Failed to create backup: [Errno 2] No such file or directory: 'data/msms.json'
2025-10-15 13:27:53,092 - ERROR - Failed to create backup: [Errno 2] No such file or directory: 'data/msms.json'
2025-10-15 13:27:55,607 - ERROR - Failed to create backup: [Errno 2] No such file or directory: 'data/msms.json'
2025-10-15 13:27:56,404 - ERROR - Failed to create backup: [Errno 2] No such file or directory: 'data/msms.json'
2025-10-15 13:27:57,379 - ERROR - Failed to create backup: [Errno 2] No such file or directory: 'data/msms.json'
2025-10-15 13:27:58,746 - ERROR - Failed to create backup: [Errno 2] No such file or directory: 'data/msms.json'
2025-10-15 13:28:00,744 - ERROR - Failed to create backup: [Errno 2] No such file or directory: 'data/msms.json'
2025-10-15 13:28:37,554 - ERROR - Failed to create backup: [Errno 2] No such file or directory: 'data/msms.json'
2025-10-15 13:28:38,870 - ERROR - Failed to create backup: [Errno 2] No such file or directory: 'data/msms.json'
2025-10-15 13:28:42,707 - ERROR - Failed to create backup: [Errno 2] No such file or directory: 'data/msms.json'
2025-10-15 13:28:58,170 - ERROR - Failed to create backup: [Errno 2] No such file or directory: 'data/msms.json'
2025-10-15 13:29:02,830 - ERROR - Failed to create backup: [Errno 2] No such file or directory: 'data/msms.json'
2025-10-15 13:29:08,135 - ERROR - Failed to create backup: [Errno 2] No such file or directory: 'data/msms.json'
2025-10-15 13:29:09,892 - ERROR - Failed to create backup: [Errno 2] No such file or directory: 'data/msms.json'
2025-10-15 13:29:11,137 - ERROR - Failed to create backup: [Errno 2] No such file or directory: 'data/msms.json'
2025-10-15 13:31:19,865 - ERROR - Failed to create backup: [Errno 2] No such file or directory: 'data/msms.json'
2025-10-15 13:31:25,131 - ERROR - Failed to create backup: [Errno 2] No such file or directory: 'data/msms.json'
2025-10-15 13:31:28,382 - ERROR - Failed to create backup: [Errno 2] No such file or directory: 'data/msms.json'
2025-10-15 13:31:28,468 - ERROR - Failed to create backup: [Errno 2] No such file or directory: 'data/msms.json'
2025-10-15 13:32:13,655 - ERROR - Failed to create backup: [Errno 2] No such file or directory: 'data/msms.json'
2025-10-15 13:34:08,075 - ERROR - Failed to create backup: [Errno 2] No such file or directory: 'data/msms.json'
2025-10-15 13:34:10,902 - ERROR - Failed to create backup: [Errno 2] No such file or directory: 'data/msms.json'
2025-10-15 13:34:18,425 - ERROR - Failed to create backup: [Errno 2] No such file or directory: 'data/msms.json'
2025-10-15 13:37:32,660 - ERROR - Failed to create backup: [Errno 2] No such file or directory: 'data/msms.json'
2025-10-15 13:37:40,394 - ERROR - Failed to create backup: [Errno 2] No such file or directory: 'data/msms.json'
2025-10-15 13:37:53,449 - ERROR - Failed to create backup: [Errno 2] No such file or directory: 'data/msms.json'
2025-10-15 13:37:53,897 - ERROR - Failed to create backup: [Errno 2] No such file or directory: 'data/msms.json'
2025-10-15 13:37:54,939 - ERROR - Failed to create backup: [Errno 2] No such file or directory: 'data/msms.json'
2025-10-15 13:37:55,522 - ERROR - Failed to create backup: [Errno 2] No such file or directory: 'data/msms.json'
2025-10-15 13:37:55,842 - ERROR - Failed to create backup: [Errno 2] No such file or directory: 'data/msms.json'
2025-10-15 13:37:56,569 - ERROR - Failed to create backup: [Errno 2] No such file or directory: 'data/msms.json'
2025-10-15 13:38:03,876 - ERROR - Failed to create backup: [Errno 2] No such file or directory: 'data/msms.json'
2025-10-15 13:38:03,881 - INFO - New student registered: Josh  (ID: 1)
2025-10-15 13:38:12,549 - INFO - Data successfully backed up to data/backups/msms_backup_2025-10-15_13-38-12.json
2025-10-15 13:38:12,626 - INFO - Data successfully backed up to data/backups/msms_backup_2025-10-15_13-38-12.json
2025-10-15 13:39:13,900 - INFO - Data successfully backed up to data/backups/msms_backup_2025-10-15_13-39-13.json
2025-10-15 13:39:16,847 - INFO - Data successfully backed up to data/backups/msms_backup_2025-10-15_13-39-16.json
2025-10-15 13:39:39,772 - INFO - Data successfully backed up to data/backups/msms_backup_2025-10-15_13-39-39.json
2025-10-15 13:39:41,901 - INFO - Data successfully backed up to data/backups/msms_backup_2025-10-15_13-39-41.json
2025-10-15 13:39:42,370 - INFO - Data successfully backed up to data/backups/msms_backup_2025-10-15_13-39-42.json
2025-10-15 13:40:50,358 - INFO - Data successfully backed up to data/backups/msms_backup_2025-10-15_13-40-50.json
2025-10-15 13:41:00,816 - INFO - Data successfully backed up to data/backups/msms_backup_2025-10-15_13-41-00.json
2025-10-15 13:41:26,042 - INFO - Data successfully backed up to data/backups/msms_backup_2025-10-15_13-41-26.json
2025-10-15 13:46:47,760 - INFO - Data successfully backed up to data/backups/msms_backup_2025-10-15_13-46-47.json
2025-10-15 13:46:54,158 - INFO - Data successfully backed up to data/backups/msms_backup_2025-10-15_13-46-54.json
2025-10-15 13:47:03,145 - INFO - Data successfully backed up to data/backups/msms_backup_2025-10-15_13-47-03.json
2025-10-15 13:47:03,228 - INFO - Data successfully backed up to data/backups/msms_backup_2025-10-15_13-47-03.json
2025-10-15 13:47:05,891 - INFO - Data successfully backed up to data/backups/msms_backup_2025-10-15_13-47-05.json
2025-10-15 13:47:05,982 - INFO - Data successfully backed up to data/backups/msms_backup_2025-10-15_13-47-05.json
2025-10-15 13:47:10,002 - INFO - Data successfully backed up to data/backups/msms_backup_2025-10-15_13-47-09.json
2025-10-15 13:47:10,078 - INFO - Data successfully backed up to data/backups/msms_backup_2025-10-15_13-47-10.json
2025-10-15 13:47:10,918 - INFO - Data successfully backed up to data/backups/msms_backup_2025-10-15_13-47-10.json
2025-10-15 13:47:11,309 - INFO - Data successfully backed up to data/backups/msms_backup_2025-10-15_13-47-11.json
2025-10-15 13:47:11,470 - INFO - Data successfully backed up to data/backups/msms_backup_2025-10-15_13-47-11.json
2025-10-15 15:32:58,615 - INFO - Data successfully backed up to data/backups/msms_backup_2025-10-15_15-32-58.json
2025-10-15 15:33:08,076 - INFO - Data successfully backed up to data/backups/msms_backup_2025-10-15_15-33-08.json
2025-10-15 15:33:23,887 - INFO - Data successfully backed up to data/backups/msms_backup_2025-10-15_15-33-23.json
2025-10-15 15:33:23,892 - INFO - New student registered: Austin (ID: 2)
2025-10-15 15:33:29,877 - INFO - Data successfully backed up to data/backups/msms_backup_2025-10-15_15-33-29.json
2025-10-15 15:33:29,944 - INFO - Data successfully backed up to data/backups/msms_backup_2025-10-15_15-33-29.json
2025-10-15 15:34:28,498 - INFO - Data successfully backed up to data/backups/msms_backup_2025-10-15_15-34-28.json
2025-10-15 15:34:28,507 - INFO - Student unregistered: Austin (ID: 2)
2025-10-15 15:34:37,947 - INFO - Data successfully backed up to data/backups/msms_backup_2025-10-15_15-34-37.json
2025-10-15 15:34:42,754 - INFO - Data successfully backed up to data/backups/msms_backup_2025-10-15_15-34-42.json
2025-10-15 15:34:42,759 - INFO - New student registered: Tommy (ID: 2)
2025-10-15 15:34:56,452 - INFO - Data successfully backed up to data/backups/msms_backup_2025-10-15_15-34-56.json
2025-10-15 15:35:03,235 - INFO - Data successfully backed up to data/backups/msms_backup_2025-10-15_15-35-03.json
2025-10-15 15:35:09,455 - INFO - Data successfully backed up to data/backups/msms_backup_2025-10-15_15-35-09.json
2025-10-15 15:35:10,527 - INFO - Data successfully backed up to data/backups/msms_backup_2025-10-15_15-35-10.json
2025-10-15 15:35:11,959 - INFO - Data successfully backed up to data/backups/msms_backup_2025-10-15_15-35-11.json
2025-10-15 15:35:22,125 - INFO - Data successfully backed up to data/backups/msms_backup_2025-10-15_15-35-22.json
2025-10-15 15:35:22,809 - INFO - Data successfully backed up to data/backups/msms_backup_2025-10-15_15-35-22.json
2025-10-15 15:35:24,928 - INFO - Data successfully backed up to data/backups/msms_backup_2025-10-15_15-35-24.json
2025-10-15 15:35:28,209 - INFO - Data successfully backed up to data/backups/msms_backup_2025-10-15_15-35-28.json
2025-10-15 15:37:27,828 - INFO - Data successfully backed up to data/backups/msms_backup_2025-10-15_15-37-27.json
2025-10-15 15:37:31,526 - INFO - Data successfully backed up to data/backups/msms_backup_2025-10-15_15-37-31.json
2025-10-15 15:37:31,526 - INFO - Data successfully backed up to data/backups/msms_backup_2025-10-15_15-37-31.json
2025-10-15 15:37:32,989 - INFO - Data successfully backed up to data/backups/msms_backup_2025-10-15_15-37-32.json
2025-10-15 15:37:36,594 - INFO - Data successfully backed up to data/backups/msms_backup_2025-10-15_15-37-36.json
